Microchip MPLAB XC8 Compiler V2.40

Linker command line:

-W-3 \
  --edf=C:\Program Files\Microchip\xc8\v2.40\pic\dat\20220703182018_en.msgs \
  -cn -h+dist/default/production\LAB06.X.production.sym \
  --cmf=dist/default/production\LAB06.X.production.cmf -z -Q16F887 \
  -oC:\Users\carlo\AppData\Local\Temp\xcAsfds.4 --defsym=__MPLAB_BUILD=1 \
  --fixupoverflow=error -Mdist/default/production/LAB06.X.production.map \
  --md=C:\Users\carlo\AppData\Local\Temp\xcAsfds.dat -E1 -ver=XC8 Compiler \
  --acfsm=1493 -ACODE=00h-07FFhx4 -ASTRCODE=00h-01FFFh -ASTRING=00h-0FFhx32 \
  -ACONST=00h-0FFhx32 -AENTRY=00h-0FFhx32 -ACOMMON=070h-07Fh \
  -ABANK0=020h-06Fh -ABANK1=0A0h-0EFh -ABANK2=0110h-016Fh \
  -ABANK3=0190h-01EFh -ARAM=020h-06Fh,0A0h-0EFh,0110h-016Fh,0190h-01EFh \
  -AABS1=020h-07Fh,0A0h-0EFh,0110h-016Fh,0190h-01EFh -ASFR0=00h-01Fh \
  -ASFR1=080h-09Fh -ASFR2=0100h-010Fh -ASFR3=0180h-018Fh \
  -ACONFIG=02007h-02008h -DCONFIG=2 -AIDLOC=02000h-02003h -DIDLOC=2 \
  -AEEDATA=00h-0FFh/02100h -peeprom_data=EEDATA -DEEDATA=2 -DCODE=2 \
  -DSTRCODE=2 -DSTRING=2 -DCONST=2 -DENTRY=2 \
  -preset_vec=00h,intentry=04h,init,end_init -ppowerup=CODE -pcinit=CODE \
  -pfunctab=ENTRY -k C:\Users\carlo\AppData\Local\Temp\xcAsfds.o \
  dist/default/production\LAB06.X.production.o 

Object code version is 3.11

Machine type is 16F887



                Name                               Link     Load   Length Selector   Space Scale
C:\Users\carlo\AppData\Local\Temp\xcAsfds.o
                end_init                              C        C        3        8       0
                reset_vec                             0        0        3        0       0
                config                             2007     2007        2        0       4
                idloc                              2000     2000        4        0       5
dist/default/production\LAB06.X.production.o
                cinit                                 F        F       2B        8       0
                intentry                              4        4        8        8       0
                config                             2007     2007        2        0       4
                idloc                              2000     2000        4        0       5
                text9                               666      666       4C        8       0
                text8                               6F5      6F5       29        8       0
                text7                                3A       3A      345        8       0
                text6                               4DB      4DB       78        8       0
                text5                               37F      37F       BA        8       0
                text4                               553      553       69        8       0
                text3                               5BC      5BC       5B        8       0
                text2                               617      617       4F        8       0
                text1                               6B2      6B2       43        8       0
                maintext                            439      439       A2        8       0
                cstackBANK0                          20       20       33       20       1
                cstackCOMMON                         70       70        9       70       1
                inittext                            71E      71E       13        8       0
                dataBANK1                            A0       A0       10       A0       1
                dataBANK0                            5E       5E        6       20       1
                bssBANK0                             53       53        B       20       1
                bssCOMMON                            79       79        1       70       1
                idataBANK1                          731      731       10        8       0
                idataBANK0                          741      741        6        8       0

TOTAL           Name                               Link     Load   Length     Space
        CLASS   CODE           
                end_init                              C        C        3         0
                cinit                                 F        F       2B         0
                intentry                              4        4        8         0
                reset_vec                             0        0        3         0
                text9                               666      666       4C         0
                text8                               6F5      6F5       29         0
                text7                                3A       3A      345         0
                text6                               4DB      4DB       78         0
                text5                               37F      37F       BA         0
                text4                               553      553       69         0
                text3                               5BC      5BC       5B         0
                text2                               617      617       4F         0
                text1                               6B2      6B2       43         0
                maintext                            439      439       A2         0
                inittext                            71E      71E       13         0
                idataBANK1                          731      731       10         0
                idataBANK0                          741      741        6         0

        CLASS   STRCODE        

        CLASS   STRING         

        CLASS   CONST          

        CLASS   ENTRY          

        CLASS   COMMON         
                cstackCOMMON                         70       70        9         1
                bssCOMMON                            79       79        1         1

        CLASS   BANK0          
                cstackBANK0                          20       20       33         1
                dataBANK0                            5E       5E        6         1
                bssBANK0                             53       53        B         1

        CLASS   BANK1          
                dataBANK1                            A0       A0       10         1

        CLASS   BANK2          

        CLASS   BANK3          

        CLASS   RAM            

        CLASS   ABS1           
                abs_s1                               7E       7E        2         1

        CLASS   SFR0           

        CLASS   SFR1           

        CLASS   SFR2           

        CLASS   SFR3           

        CLASS   CONFIG         
                config                             2007     2007        2         4

        CLASS   IDLOC          
                idloc                              2000     2000        4         5

        CLASS   EEDATA         

        CLASS   STACK          



SEGMENTS        Name                           Load    Length   Top    Selector   Space  Class     Delta

                reset_vec                      000000  000003  000003         0       0  CODE        2
                intentry                       000004  000743  000747         8       0  CODE        2
                cstackBANK0                    000020  000044  000064        20       1  BANK0       1
                cstackCOMMON                   000070  00000A  00007A        70       1  COMMON      1
                dataBANK1                      0000A0  000010  0000B0        A0       1  BANK1       1


UNUSED ADDRESS RANGES

        Name                Unused          Largest block    Delta
        BANK0            0064-006F              C           1
        BANK1            00B0-00EF             40           1
        BANK2            0110-016F             60           1
        BANK3            0190-01EF             60           1
        CODE             0003-0003              1           2
                         0747-1FFF            800
        COMMON           007A-007D              4           1
        CONST            0003-0003              1           2
                         0747-1FFF            100
        EEDATA           2100-21FF            100           2
        ENTRY            0003-0003              1           2
                         0747-1FFF            100
        RAM              0064-006F              C           1
                         00B0-00EF             40
                         0110-016F             60
                         0190-01EF             60
        SFR0             0000-001F             20           1
        SFR1             0080-009F             20           1
        SFR2             0100-010F             10           1
        SFR3             0180-018F             10           1
        STRCODE          0003-0003              1           2
                         0747-1FFF           18B9
        STRING           0003-0003              1           2
                         0747-1FFF            100

                                  Symbol Table

?__Umul8_16              cstackCOMMON 0074
?___awdiv                cstackCOMMON 0074
?___awmod                cstackCOMMON 0074
?___flmul                cstackBANK0  002A
?___fltol                cstackBANK0  0044
?___xxtofl               cstackCOMMON 0074
_ADCON0bits              (abs)        001F
_ADCON1bits              (abs)        009F
_ADC_disp                bssBANK0     0058
_ADC_volts               bssBANK0     0056
_ADRESH                  (abs)        001E
_ANSEL                   (abs)        0188
_ANSELH                  (abs)        0189
_INTCONbits              (abs)        000B
_OPTION_REGbits          (abs)        0081
_OSCCONbits              (abs)        008F
_PIE1bits                (abs)        008C
_PIR1bits                (abs)        000C
_PORTA                   (abs)        0005
_PORTB                   (abs)        0006
_PORTC                   (abs)        0007
_PORTD                   (abs)        0008
_PORTE                   (abs)        0009
_TMR0                    (abs)        0001
_TRISA                   (abs)        0085
_TRISB                   (abs)        0086
_TRISC                   (abs)        0087
_TRISD                   (abs)        0088
_TRISE                   (abs)        0089
__Habs1                  abs1         0000
__Hbank0                 bank0        0000
__Hbank1                 bank1        0000
__Hbank2                 bank2        0000
__Hbank3                 bank3        0000
__HbssBANK0              bssBANK0     0000
__HbssCOMMON             bssCOMMON    0000
__Hcinit                 cinit        003A
__Hclrtext               clrtext      0000
__Hcode                  code         0000
__Hcommon                common       0000
__Hconfig                config       2009
__HcstackBANK0           cstackBANK0  0000
__HcstackCOMMON          cstackCOMMON 0000
__HdataBANK0             dataBANK0    0000
__HdataBANK1             dataBANK1    0000
__Heeprom_data           eeprom_data  0000
__Hend_init              end_init     000F
__Hfunctab               functab      0000
__HidataBANK0            idataBANK0   0000
__HidataBANK1            idataBANK1   0000
__Hidloc                 idloc        2004
__Hinit                  init         000C
__Hinittext              inittext     0000
__Hintentry              intentry     000C
__Hmaintext              maintext     0000
__Hpowerup               powerup      0000
__Hram                   ram          0000
__Hreset_vec             reset_vec    0003
__Hsfr0                  sfr0         0000
__Hsfr1                  sfr1         0000
__Hsfr2                  sfr2         0000
__Hsfr3                  sfr3         0000
__Hspace_0               (abs)        0747
__Hspace_1               (abs)        00B0
__Hspace_2               (abs)        0000
__Hspace_3               (abs)        0000
__Hspace_4               (abs)        4010
__Hstack                 stack        0000
__Hstrings               strings      0000
__Htext                  text         0000
__Labs1                  abs1         0000
__Lbank0                 bank0        0000
__Lbank1                 bank1        0000
__Lbank2                 bank2        0000
__Lbank3                 bank3        0000
__LbssBANK0              bssBANK0     0000
__LbssCOMMON             bssCOMMON    0000
__Lcinit                 cinit        000F
__Lclrtext               clrtext      0000
__Lcode                  code         0000
__Lcommon                common       0000
__Lconfig                config       0000
__LcstackBANK0           cstackBANK0  0000
__LcstackCOMMON          cstackCOMMON 0000
__LdataBANK0             dataBANK0    0000
__LdataBANK1             dataBANK1    0000
__Leeprom_data           eeprom_data  0000
__Lend_init              end_init     000C
__Lfunctab               functab      0000
__LidataBANK0            idataBANK0   0000
__LidataBANK1            idataBANK1   0000
__Lidloc                 idloc        0000
__Linit                  init         000C
__Linittext              inittext     0000
__Lintentry              intentry     0004
__Lmaintext              maintext     0000
__Lpowerup               powerup      0000
__Lram                   ram          0000
__Lreset_vec             reset_vec    0000
__Lsfr0                  sfr0         0000
__Lsfr1                  sfr1         0000
__Lsfr2                  sfr2         0000
__Lsfr3                  sfr3         0000
__Lspace_0               (abs)        0000
__Lspace_1               (abs)        0000
__Lspace_2               (abs)        0000
__Lspace_3               (abs)        0000
__Lspace_4               (abs)        0000
__Lstack                 stack        0000
__Lstrings               strings      0000
__Ltext                  text         0000
__S0                     (abs)        0747
__S1                     (abs)        00B0
__S3                     (abs)        0000
__Umul8_16               text8        06F5
__Umul8_16@multiplicand  cstackCOMMON 0074
__Umul8_16@multiplier    cstackBANK0  0024
__Umul8_16@product       cstackBANK0  0020
__Umul8_16@word_mpld     cstackBANK0  0022
___awdiv                 text4        0553
___awdiv@counter         cstackBANK0  0020
___awdiv@dividend        cstackCOMMON 0076
___awdiv@divisor         cstackCOMMON 0074
___awdiv@quotient        cstackBANK0  0022
___awdiv@sign            cstackBANK0  0021
___awmod                 text3        05BC
___awmod@counter         cstackBANK0  0020
___awmod@dividend        cstackCOMMON 0076
___awmod@divisor         cstackCOMMON 0074
___awmod@sign            cstackBANK0  0021
___flmul                 text7        003A
___flmul@a               cstackBANK0  002E
___flmul@aexp            cstackBANK0  003C
___flmul@b               cstackBANK0  002A
___flmul@bexp            cstackBANK0  003D
___flmul@grs             cstackBANK0  0038
___flmul@prod            cstackBANK0  003E
___flmul@sign            cstackBANK0  0037
___flmul@temp            cstackBANK0  0042
___fltol                 text6        04DB
___fltol@exp1            cstackBANK0  004D
___fltol@f1              cstackBANK0  0044
___fltol@sign1           cstackBANK0  004C
___int_sp                stack        0000
___latbits               (abs)        0002
___sp                    stack        0000
___stackhi               (abs)        0000
___stacklo               (abs)        0000
___xxtofl                text5        037F
___xxtofl@arg            cstackBANK0  0026
___xxtofl@exp            cstackBANK0  0025
___xxtofl@sign           cstackBANK0  0024
___xxtofl@val            cstackCOMMON 0074
__end_of__Umul8_16       text8        071E
__end_of___awdiv         text4        05BC
__end_of___awmod         text3        0617
__end_of___flmul         text7        037F
__end_of___fltol         text6        0553
__end_of___xxtofl        text5        0439
__end_of__initialization cinit        0036
__end_of_displays        text2        0666
__end_of_isr             text9        06B2
__end_of_main            maintext     04DB
__end_of_setup           text1        06F5
__initialization         cinit        000F
__pbssBANK0              bssBANK0     0053
__pbssCOMMON             bssCOMMON    0079
__pcstackBANK0           cstackBANK0  0020
__pcstackCOMMON          cstackCOMMON 0070
__pdataBANK0             dataBANK0    005E
__pdataBANK1             dataBANK1    00A0
__pidataBANK0            idataBANK0   0741
__pidataBANK1            idataBANK1   0731
__pintentry              intentry     0004
__pmaintext              maintext     0439
__ptext1                 text1        06B2
__ptext2                 text2        0617
__ptext3                 text3        05BC
__ptext4                 text4        0553
__ptext5                 text5        037F
__ptext6                 text6        04DB
__ptext7                 text7        003A
__ptext8                 text8        06F5
__ptext9                 text9        0666
_centenas                bssBANK0     005D
_decenas                 bssBANK0     005C
_disp_val                bssBANK0     0053
_displays                text2        0617
_flag                    bssCOMMON    0079
_isr                     text9        0666
_main                    maintext     0439
_main$892                cstackBANK0  004F
_residuo                 bssBANK0     005A
_setup                   text1        06B2
_tabla                   dataBANK1    00A0
_tablaCent               dataBANK0    005E
_unidades                bssBANK0     005B
btemp                    (abs)        007E
displays@num             cstackBANK0  0024
end_of_initialization    cinit        0036
init_fetch0              inittext     071E
init_ram0                inittext     0722
interrupt_function       intentry     0004
intlevel0                functab      0000
intlevel1                functab      0000
intlevel2                functab      0000
intlevel3                functab      0000
intlevel4                functab      0000
intlevel5                functab      0000
reset_vec                reset_vec    0000
saved_w                  (abs)        007E
start                    init         000C
start_initialization     cinit        000F
wtemp0                   (abs)        007E


MODULE INFORMATION

Module		Function		Class		Link	Load	Size
C:\Program Files\Microchip\xc8\v2.40\pic\sources\c90\common\fltol.c
		___fltol       		CODE           	04DB	0000	120

C:\Program Files\Microchip\xc8\v2.40\pic\sources\c90\common\fltol.c estimated size: 120

C:\Program Files\Microchip\xc8\v2.40\pic\sources\c90\common\awdiv.c
		___awdiv       		CODE           	0553	0000	105

C:\Program Files\Microchip\xc8\v2.40\pic\sources\c90\common\awdiv.c estimated size: 105

C:\Program Files\Microchip\xc8\v2.40\pic\sources\c90\common\sprcmul.c
		___flmul       		CODE           	003A	0000	837

C:\Program Files\Microchip\xc8\v2.40\pic\sources\c90\common\sprcmul.c estimated size: 837

C:\Program Files\Microchip\xc8\v2.40\pic\sources\c90\common\Umul8_16.c
		__Umul8_16     		CODE           	06F5	0000	41

C:\Program Files\Microchip\xc8\v2.40\pic\sources\c90\common\Umul8_16.c estimated size: 41

PostLab06.c
		_displays      		CODE           	0617	0000	79
		_main          		CODE           	0439	0000	162
		_isr           		CODE           	0666	0000	76
		_setup         		CODE           	06B2	0000	67

PostLab06.c estimated size: 384

shared
		__initialization		CODE           	000F	0000	39

shared estimated size: 39

C:\Program Files\Microchip\xc8\v2.40\pic\sources\c90\common\awmod.c
		___awmod       		CODE           	05BC	0000	91

C:\Program Files\Microchip\xc8\v2.40\pic\sources\c90\common\awmod.c estimated size: 91

C:\Program Files\Microchip\xc8\v2.40\pic\sources\c90\common\xxtofl.c
		___xxtofl      		CODE           	037F	0000	186

C:\Program Files\Microchip\xc8\v2.40\pic\sources\c90\common\xxtofl.c estimated size: 186

